// Jest Snapshot v1, https://goo.gl/fbAQLP

exports[`tests on <AddCategory /> should match Snapshot 1`] = `
<form
  onSubmit={[Function]}
>
  <p />
   
  <input
    onChange={[Function]}
    type="text"
    value=""
  />
</form>
`;
